16:55:19 | INFO    | [setup] started the simulated job-board API (pid 106)
16:55:19 | INFO    | [extract] job_board_api page=1 rows=100 cumulative=100 total=208
16:55:19 | INFO    | [extract] job_board_api page=2 rows=100 cumulative=200 total=208
16:55:19 | WARNING | [extract] job_board_api page=3 | HTTP 500 | attempt=1/4 | retry in 1s
16:55:20 | INFO    | [extract] job_board_api page=3 rows=8 cumulative=208 total=208
16:55:20 | INFO    | [extract] careers_db rows=91 (COUNT(*) check passed; UTC cut-off 2026-02-28 18:29:59)
16:55:20 | INFO    | [extract] referral_form rows=72 (of 350 in file)
16:55:20 | INFO    | [extract] whatsapp_export messages=252 -> applications=98 {'application': 98, 'follow_up_or_media': 89, 'business_reply': 52, 'not_hiring': 13}
16:55:20 | INFO    | [extract] ops_head_mailbox messages=427 -> applications=44 {'application': 44, 'internal_or_robot': 28, 'other': 13}
16:55:20 | INFO    | [extract] recruiter_tracker rows=2548 (sheet export; events after the cut-off are ignored later)
16:55:22 | INFO    | [resolve] applications=523 -> candidates=496 | tracker links {'ref': 290, 'identity': 137, 'tracker_only': 10, 'name_in_window': 10} | review queue=2 | name conflicts=0
16:55:22 | INFO    | [model] warehouse built in one transaction; integrity checks passed {'candidate': 496, 'application': 523, 'tracker_row': 447, 'recruiter_event': 931}
16:55:22 | INFO    | [save] 2026-02 published (DEGRADED): M1=4.7% (name matching 14.7%) M2=20.4% M3=14.0 days
16:55:22 | INFO    | [extract] job_board_api page=1 rows=100 cumulative=100 total=370
16:55:22 | INFO    | [extract] job_board_api page=2 rows=100 cumulative=200 total=370
16:55:22 | WARNING | [extract] job_board_api page=3 | HTTP 500 | attempt=1/4 | retry in 1s
16:55:23 | INFO    | [extract] job_board_api page=3 rows=100 cumulative=300 total=370
16:55:23 | INFO    | [extract] job_board_api page=4 rows=71 cumulative=371 total=370
16:55:23 | WARNING | [extract] job_board_api: 1 record(s) repeated across pages (offset drift) - kept once
16:55:23 | INFO    | [extract] careers_db rows=154 (COUNT(*) check passed; UTC cut-off 2026-03-31 18:29:59)
16:55:23 | INFO    | [extract] referral_form rows=120 (of 350 in file)
16:55:23 | INFO    | [extract] whatsapp_export messages=406 -> applications=161 {'application': 161, 'follow_up_or_media': 151, 'business_reply': 75, 'not_hiring': 19}
16:55:23 | INFO    | [extract] ops_head_mailbox messages=427 -> applications=79 {'application': 79, 'internal_or_robot': 41, 'other': 15}
16:55:23 | INFO    | [extract] recruiter_tracker rows=2548 (sheet export; events after the cut-off are ignored later)
16:55:26 | INFO    | [resolve] applications=903 -> candidates=791 | tracker links {'ref': 518, 'identity': 227, 'tracker_only': 19, 'name_in_window': 14} | review queue=14 | name conflicts=0
16:55:26 | INFO    | [model] warehouse built in one transaction; integrity checks passed {'candidate': 791, 'application': 903, 'tracker_row': 778, 'recruiter_event': 1611}
16:55:27 | INFO    | [save] 2026-03 published (DEGRADED): M1=12.6% (name matching 26.3%) M2=20.9% M3=12.0 days
16:55:27 | INFO    | [extract] job_board_api page=1 rows=100 cumulative=100 total=507
16:55:27 | INFO    | [extract] job_board_api page=2 rows=100 cumulative=200 total=507
16:55:27 | WARNING | [extract] job_board_api page=3 | HTTP 500 | attempt=1/4 | retry in 1s
16:55:28 | INFO    | [extract] job_board_api page=3 rows=100 cumulative=300 total=507
16:55:28 | INFO    | [extract] job_board_api page=4 rows=101 cumulative=401 total=507
16:55:28 | WARNING | [extract] job_board_api page=5 | HTTP 429 | attempt=1/4 | retry in 1s
16:55:29 | INFO    | [extract] job_board_api page=5 rows=100 cumulative=501 total=507
16:55:29 | INFO    | [extract] job_board_api page=6 rows=7 cumulative=508 total=507
16:55:29 | WARNING | [extract] job_board_api: 1 record(s) repeated across pages (offset drift) - kept once
16:55:29 | INFO    | [extract] careers_db rows=243 (COUNT(*) check passed; UTC cut-off 2026-04-30 18:29:59)
16:55:29 | INFO    | [extract] referral_form rows=164 (of 350 in file)
16:55:29 | INFO    | [extract] whatsapp_export messages=565 -> applications=224 {'application': 224, 'follow_up_or_media': 209, 'business_reply': 102, 'not_hiring': 30}
16:55:29 | INFO    | [extract] ops_head_mailbox messages=427 -> applications=124 {'application': 124, 'internal_or_robot': 54, 'other': 16}
16:55:29 | INFO    | [extract] recruiter_tracker rows=2548 (sheet export; events after the cut-off are ignored later)
16:55:32 | INFO    | [resolve] applications=1286 -> candidates=1057 | tracker links {'ref': 752, 'identity': 313, 'tracker_only': 24, 'name_in_window': 19} | review queue=28 | name conflicts=0
16:55:32 | INFO    | [model] warehouse built in one transaction; integrity checks passed {'candidate': 1057, 'application': 1286, 'tracker_row': 1108, 'recruiter_event': 2256}
16:55:33 | INFO    | [save] 2026-04 published (SUCCESS): M1=10.4% (name matching 24.3%) M2=27.4% M3=12.0 days
16:55:33 | INFO    | [extract] job_board_api page=1 rows=100 cumulative=100 total=663
16:55:33 | INFO    | [extract] job_board_api page=2 rows=100 cumulative=200 total=663
16:55:33 | WARNING | [extract] job_board_api page=3 | HTTP 500 | attempt=1/4 | retry in 1s
16:55:34 | INFO    | [extract] job_board_api page=3 rows=100 cumulative=300 total=663
16:55:34 | INFO    | [extract] job_board_api page=4 rows=101 cumulative=401 total=663
16:55:34 | WARNING | [extract] job_board_api page=5 | HTTP 429 | attempt=1/4 | retry in 1s
16:55:35 | INFO    | [extract] job_board_api page=5 rows=100 cumulative=501 total=663
16:55:35 | INFO    | [extract] job_board_api page=6 rows=100 cumulative=601 total=663
16:55:35 | INFO    | [extract] job_board_api page=7 rows=63 cumulative=664 total=663
16:55:35 | WARNING | [extract] job_board_api: 1 record(s) repeated across pages (offset drift) - kept once
16:55:35 | INFO    | [extract] careers_db rows=321 (COUNT(*) check passed; UTC cut-off 2026-05-31 18:29:59)
16:55:35 | INFO    | [extract] referral_form rows=209 (of 350 in file)
16:55:35 | INFO    | [extract] whatsapp_export messages=737 -> applications=294 {'application': 294, 'follow_up_or_media': 278, 'business_reply': 130, 'not_hiring': 35}
16:55:35 | INFO    | [extract] ops_head_mailbox messages=427 -> applications=166 {'application': 166, 'internal_or_robot': 69, 'other': 20}
16:55:35 | INFO    | [extract] recruiter_tracker rows=2548 (sheet export; events after the cut-off are ignored later)
16:55:41 | INFO    | [resolve] applications=1685 -> candidates=1338 | tracker links {'ref': 982, 'identity': 418, 'tracker_only': 32, 'name_in_window': 25} | review queue=40 | name conflicts=0
16:55:41 | INFO    | [model] warehouse built in one transaction; integrity checks passed {'candidate': 1338, 'application': 1685, 'tracker_row': 1457, 'recruiter_event': 2966}
16:55:42 | INFO    | [save] 2026-05 published (SUCCESS): M1=13.0% (name matching 24.6%) M2=27.4% M3=12.0 days
16:55:42 | INFO    | [extract] job_board_api page=1 rows=100 cumulative=100 total=812
16:55:42 | INFO    | [extract] job_board_api page=2 rows=100 cumulative=200 total=812
16:55:42 | WARNING | [extract] job_board_api page=3 | HTTP 500 | attempt=1/4 | retry in 1s
16:55:43 | INFO    | [extract] job_board_api page=3 rows=100 cumulative=300 total=812
16:55:43 | INFO    | [extract] job_board_api page=4 rows=101 cumulative=401 total=812
16:55:43 | WARNING | [extract] job_board_api page=5 | HTTP 429 | attempt=1/4 | retry in 1s
16:55:44 | INFO    | [extract] job_board_api page=5 rows=100 cumulative=501 total=812
16:55:44 | INFO    | [extract] job_board_api page=6 rows=100 cumulative=601 total=812
16:55:44 | INFO    | [extract] job_board_api page=7 rows=100 cumulative=701 total=812
16:55:44 | INFO    | [extract] job_board_api page=8 rows=100 cumulative=801 total=812
16:55:44 | INFO    | [extract] job_board_api page=9 rows=12 cumulative=813 total=812
16:55:44 | WARNING | [extract] job_board_api: 1 record(s) repeated across pages (offset drift) - kept once
16:55:44 | INFO    | [extract] careers_db rows=390 (COUNT(*) check passed; UTC cut-off 2026-06-30 18:29:59)
16:55:44 | INFO    | [extract] referral_form rows=257 (of 350 in file)
16:55:44 | INFO    | [extract] whatsapp_export messages=897 -> applications=355 {'application': 355, 'follow_up_or_media': 344, 'business_reply': 161, 'not_hiring': 37}
16:55:44 | INFO    | [extract] ops_head_mailbox messages=427 -> applications=214 {'application': 214, 'internal_or_robot': 82, 'other': 21}
16:55:44 | INFO    | [extract] recruiter_tracker rows=2548 (sheet export; events after the cut-off are ignored later)
16:55:52 | INFO    | [resolve] applications=2067 -> candidates=1587 | tracker links {'ref': 1205, 'identity': 524, 'tracker_only': 39, 'name_in_window': 29} | review queue=56 | name conflicts=0
16:55:52 | INFO    | [model] warehouse built in one transaction; integrity checks passed {'candidate': 1587, 'application': 2067, 'tracker_row': 1797, 'recruiter_event': 3621}
16:55:54 | INFO    | [save] 2026-06 published (SUCCESS): M1=14.4% (name matching 31.7%) M2=23.8% M3=11.0 days
16:55:54 | INFO    | [extract] job_board_api page=1 rows=100 cumulative=100 total=968
16:55:54 | INFO    | [extract] job_board_api page=2 rows=100 cumulative=200 total=968
16:55:54 | WARNING | [extract] job_board_api page=3 | HTTP 500 | attempt=1/4 | retry in 1s
16:55:55 | INFO    | [extract] job_board_api page=3 rows=100 cumulative=300 total=968
16:55:55 | INFO    | [extract] job_board_api page=4 rows=101 cumulative=401 total=968
16:55:55 | WARNING | [extract] job_board_api page=5 | HTTP 429 | attempt=1/4 | retry in 1s
16:55:56 | INFO    | [extract] job_board_api page=5 rows=100 cumulative=501 total=968
16:55:56 | INFO    | [extract] job_board_api page=6 rows=100 cumulative=601 total=968
16:55:56 | INFO    | [extract] job_board_api page=7 rows=100 cumulative=701 total=968
16:55:56 | INFO    | [extract] job_board_api page=8 rows=100 cumulative=801 total=968
16:55:56 | INFO    | [extract] job_board_api page=9 rows=100 cumulative=901 total=968
16:55:56 | INFO    | [extract] job_board_api page=10 rows=68 cumulative=969 total=968
16:55:56 | WARNING | [extract] job_board_api: 1 record(s) repeated across pages (offset drift) - kept once
16:55:56 | INFO    | [extract] careers_db rows=465 (COUNT(*) check passed; UTC cut-off 2026-07-31 18:29:59)
16:55:56 | INFO    | [extract] referral_form rows=308 (of 350 in file)
16:55:56 | INFO    | [extract] whatsapp_export messages=1062 -> applications=418 {'application': 418, 'follow_up_or_media': 404, 'business_reply': 193, 'not_hiring': 47}
16:55:56 | INFO    | [extract] ops_head_mailbox messages=427 -> applications=251 {'application': 251, 'internal_or_robot': 100, 'other': 26}
16:55:56 | INFO    | [extract] recruiter_tracker rows=2548 (sheet export; events after the cut-off are ignored later)
16:56:06 | INFO    | [resolve] applications=2456 -> candidates=1837 | tracker links {'ref': 1439, 'identity': 620, 'tracker_only': 46, 'name_in_window': 35} | review queue=78 | name conflicts=0
16:56:06 | INFO    | [model] warehouse built in one transaction; integrity checks passed {'candidate': 1837, 'application': 2456, 'tracker_row': 2140, 'recruiter_event': 4279}
16:56:07 | INFO    | [save] 2026-07 published (SUCCESS): M1=14.9% (name matching 27.8%) M2=28.5% M3=14.0 days
16:56:07 | INFO    | [extract] job_board_api page=1 rows=100 cumulative=100 total=1133
16:56:07 | INFO    | [extract] job_board_api page=2 rows=100 cumulative=200 total=1133
16:56:07 | WARNING | [extract] job_board_api page=3 | HTTP 500 | attempt=1/4 | retry in 1s
16:56:08 | INFO    | [extract] job_board_api page=3 rows=100 cumulative=300 total=1133
16:56:08 | INFO    | [extract] job_board_api page=4 rows=101 cumulative=401 total=1133
16:56:08 | WARNING | [extract] job_board_api page=5 | HTTP 429 | attempt=1/4 | retry in 1s
16:56:09 | INFO    | [extract] job_board_api page=5 rows=100 cumulative=501 total=1133
16:56:09 | INFO    | [extract] job_board_api page=6 rows=100 cumulative=601 total=1133
16:56:09 | INFO    | [extract] job_board_api page=7 rows=100 cumulative=701 total=1133
16:56:09 | INFO    | [extract] job_board_api page=8 rows=100 cumulative=801 total=1133
16:56:09 | INFO    | [extract] job_board_api page=9 rows=100 cumulative=901 total=1133
16:56:09 | INFO    | [extract] job_board_api page=10 rows=100 cumulative=1001 total=1133
16:56:09 | INFO    | [extract] job_board_api page=11 rows=100 cumulative=1101 total=1133
16:56:09 | INFO    | [extract] job_board_api page=12 rows=33 cumulative=1134 total=1133
16:56:09 | WARNING | [extract] job_board_api: 1 record(s) repeated across pages (offset drift) - kept once
16:56:09 | INFO    | [extract] careers_db rows=562 (COUNT(*) check passed; UTC cut-off 2026-08-31 18:29:59)
16:56:09 | INFO    | [extract] referral_form rows=350 (of 350 in file)
16:56:09 | INFO    | [extract] whatsapp_export messages=1295 -> applications=506 {'application': 506, 'follow_up_or_media': 492, 'business_reply': 237, 'not_hiring': 60}
16:56:09 | INFO    | [extract] ops_head_mailbox messages=427 -> applications=287 {'application': 287, 'internal_or_robot': 108, 'other': 32}
16:56:09 | INFO    | [extract] recruiter_tracker rows=2548 (sheet export; events after the cut-off are ignored later)
16:56:22 | INFO    | [resolve] applications=2887 -> candidates=2121 | tracker links {'ref': 1702, 'identity': 728, 'tracker_only': 49, 'name_in_window': 41} | review queue=102 | name conflicts=0
16:56:23 | INFO    | [model] warehouse built in one transaction; integrity checks passed {'candidate': 2121, 'application': 2887, 'tracker_row': 2520, 'recruiter_event': 5022}
16:56:24 | INFO    | [save] 2026-08 published (SUCCESS): M1=13.0% (name matching 27.6%) M2=28.3% M3=12.0 days
16:56:24 | INFO    | [summary] written for 2026-02 .. 2026-08
16:56:24 | INFO    | RESULT 2026-02 DEGRADED history starts 2026-01-01: fewer than 90 days of look-back, so M1 is understated
16:56:24 | INFO    | RESULT 2026-03 DEGRADED history starts 2026-01-01: fewer than 90 days of look-back, so M1 is understated
16:56:24 | INFO    | RESULT 2026-04 SUCCESS  
16:56:24 | INFO    | RESULT 2026-05 SUCCESS  
16:56:24 | INFO    | RESULT 2026-06 SUCCESS  
16:56:24 | INFO    | RESULT 2026-07 SUCCESS  
16:56:24 | INFO    | RESULT 2026-08 SUCCESS  
