09:47:34 | INFO    | [setup] started the simulated job-board API (pid 764)
09:47:34 | INFO    | [extract] job_board_api page=1 rows=100 cumulative=100 total=1133
09:47:34 | INFO    | [extract] job_board_api page=2 rows=100 cumulative=200 total=1133
09:47:34 | WARNING | [extract] job_board_api page=3 | HTTP 500 | attempt=1/4 | retry in 1s
09:47:35 | INFO    | [extract] job_board_api page=3 rows=100 cumulative=300 total=1133
09:47:35 | INFO    | [extract] job_board_api page=4 rows=101 cumulative=401 total=1133
09:47:35 | WARNING | [extract] job_board_api page=5 | HTTP 429 | attempt=1/4 | retry in 1s
09:47:36 | INFO    | [extract] job_board_api page=5 rows=100 cumulative=501 total=1133
09:47:36 | INFO    | [extract] job_board_api page=6 rows=100 cumulative=601 total=1133
09:47:36 | INFO    | [extract] job_board_api page=7 rows=100 cumulative=701 total=1133
09:47:36 | INFO    | [extract] job_board_api page=8 rows=100 cumulative=801 total=1133
09:47:36 | INFO    | [extract] job_board_api page=9 rows=100 cumulative=901 total=1133
09:47:36 | INFO    | [extract] job_board_api page=10 rows=100 cumulative=1001 total=1133
09:47:36 | INFO    | [extract] job_board_api page=11 rows=100 cumulative=1101 total=1133
09:47:36 | INFO    | [extract] job_board_api page=12 rows=33 cumulative=1134 total=1133
09:47:36 | WARNING | [extract] job_board_api: 1 record(s) repeated across pages (offset drift) - kept once
09:47:36 | INFO    | [extract] careers_db rows=562 (COUNT(*) check passed; UTC cut-off 2026-08-31 18:29:59)
09:47:36 | INFO    | [extract] referral_form rows=350 (of 350 in file)
09:47:36 | INFO    | [extract] whatsapp_export messages=1295 -> applications=506 {'application': 506, 'follow_up_or_media': 492, 'business_reply': 237, 'not_hiring': 60}
09:47:36 | INFO    | [extract] ops_head_mailbox messages=427 -> applications=287 {'application': 287, 'internal_or_robot': 108, 'other': 32}
09:47:36 | ERROR   | [extract] HALTED 2026-08: recruiter_tracker: missing required columns ['Screened On'] - the sheet layout changed - previous outputs for this month (if any) are unchanged
09:47:36 | INFO    | RESULT 2026-08 FAILED   recruiter_tracker: missing required columns ['Screened On'] - the sheet layout changed
